../Core/Src/main.c:99:6:Delay_us	16	static
../Core/Src/main.c:104:6:HAL_UART_RxCpltCallback	16	static
../Core/Src/main.c:120:6:senTRIG	8	static
../Core/Src/main.c:127:6:HAL_TIM_IC_CaptureCallback	16	static
../Core/Src/main.c:147:9:Read_HCR05	8	static
../Core/Src/main.c:152:6:TINHTOAN	16	static
../Core/Src/main.c:163:6:Xlnutan	8	static
../Core/Src/main.c:176:6:Xldulieu	16	static
../Core/Src/main.c:184:6:Hienthilcd	8	static
../Core/Src/main.c:207:5:main	112	static
../Core/Src/main.c:299:6:SystemClock_Config	72	static
../Core/Src/main.c:339:13:MX_I2C1_Init	8	static
../Core/Src/main.c:373:13:MX_TIM2_Init	32	static
../Core/Src/main.c:418:13:MX_TIM3_Init	48	static
../Core/Src/main.c:476:13:MX_TIM4_Init	32	static
../Core/Src/main.c:521:13:MX_USART1_UART_Init	8	static
../Core/Src/main.c:554:13:MX_GPIO_Init	40	static
../Core/Src/main.c:596:6:StartDefaultTask	16	static
../Core/Src/main.c:619:6:StartTask02	16	static
../Core/Src/main.c:639:6:StartTask03	16	static
../Core/Src/main.c:664:6:HAL_TIM_PeriodElapsedCallback	16	static
../Core/Src/main.c:681:6:Error_Handler	4	static,ignoring_inline_asm
