../Core/Src/main.c:566:6:StartTask02	8	static
../Core/Src/main.c:584:6:StartTask03	8	static
../Core/Src/main.c:99:6:Delay_us	0	static
../Core/Src/main.c:104:6:HAL_UART_RxCpltCallback	0	static
../Core/Src/main.c:120:6:senTRIG	8	static
../Core/Src/main.c:127:6:HAL_TIM_IC_CaptureCallback	16	static
../Core/Src/main.c:147:9:Read_HCR05	8	static
../Core/Src/main.c:546:6:StartDefaultTask	8	static
../Core/Src/main.c:249:6:SystemClock_Config	72	static,ignoring_inline_asm
../Core/Src/main.c:158:5:main	104	static,ignoring_inline_asm
../Core/Src/main.c:603:6:HAL_TIM_PeriodElapsedCallback	0	static
../Core/Src/main.c:620:6:Error_Handler	0	static,ignoring_inline_asm
